// Jest Snapshot v1, https://goo.gl/fbAQLP

exports[`integ.default Should match snapshot 1`] = `
Object {
  "Parameters": Object {
    "BootstrapVersion": Object {
      "Default": "/cdk-bootstrap/hnb659fds/version",
      "Description": "Version of the CDK Bootstrap resources in this environment, automatically retrieved from SSM Parameter Store. [cdk:skip]",
      "Type": "AWS::SSM::Parameter::Value<String>",
    },
  },
  "Resources": Object {
    "CredentialsLambda426A03FE": Object {
      "DeletionPolicy": "Delete",
      "DependsOn": Array [
        "CredentialsSecret40F8BB41",
        "User00B015A1",
      ],
      "Properties": Object {
        "SecretId": Object {
          "Ref": "CredentialsSecret40F8BB41",
        },
        "ServiceToken": Object {
          "Fn::GetAtt": Array [
            "CredentialsProvidersessmtpcredentialsproviderframeworkonEvent6D77DEA6",
            "Arn",
          ],
        },
        "UserName": Object {
          "Ref": "User00B015A1",
        },
      },
      "Type": "AWS::CloudFormation::CustomResource",
      "UpdateReplacePolicy": "Delete",
    },
    "CredentialsProvidersessmtpcredentialshandler91EF5545": Object {
      "DependsOn": Array [
        "CredentialsProvidersessmtpcredentialshandlerServiceRoleDefaultPolicyF17BC1DC",
        "CredentialsProvidersessmtpcredentialshandlerServiceRole3F9FFCAF",
      ],
      "Properties": Object {
        "Code": Object {
          "S3Bucket": Object {
            "Fn::Sub": "cdk-hnb659fds-assets-\${AWS::AccountId}-\${AWS::Region}",
          },
          "S3Key": "7e520c76ce669789d3a0c79e8f07f36451b33d471a6495400f96ce205ecd951e.zip",
        },
        "Description": "src/provider/credentials-handler.lambda.ts",
        "Handler": "index.handler",
        "Role": Object {
          "Fn::GetAtt": Array [
            "CredentialsProvidersessmtpcredentialshandlerServiceRole3F9FFCAF",
            "Arn",
          ],
        },
        "Runtime": "nodejs14.x",
        "Timeout": 60,
      },
      "Type": "AWS::Lambda::Function",
    },
    "CredentialsProvidersessmtpcredentialshandlerServiceRole3F9FFCAF": Object {
      "Properties": Object {
        "AssumeRolePolicyDocument": Object {
          "Statement": Array [
            Object {
              "Action": "sts:AssumeRole",
              "Effect": "Allow",
              "Principal": Object {
                "Service": "lambda.amazonaws.com",
              },
            },
          ],
          "Version": "2012-10-17",
        },
        "ManagedPolicyArns": Array [
          Object {
            "Fn::Join": Array [
              "",
              Array [
                "arn:",
                Object {
                  "Ref": "AWS::Partition",
                },
                ":iam::aws:policy/service-role/AWSLambdaBasicExecutionRole",
              ],
            ],
          },
        ],
      },
      "Type": "AWS::IAM::Role",
    },
    "CredentialsProvidersessmtpcredentialshandlerServiceRoleDefaultPolicyF17BC1DC": Object {
      "Properties": Object {
        "PolicyDocument": Object {
          "Statement": Array [
            Object {
              "Action": Array [
                "iam:CreateAccessKey",
                "iam:DeleteAccessKey",
              ],
              "Effect": "Allow",
              "Resource": Object {
                "Fn::GetAtt": Array [
                  "User00B015A1",
                  "Arn",
                ],
              },
            },
            Object {
              "Action": "secretsmanager:PutSecretValue",
              "Effect": "Allow",
              "Resource": Object {
                "Ref": "CredentialsSecret40F8BB41",
              },
            },
          ],
          "Version": "2012-10-17",
        },
        "PolicyName": "CredentialsProvidersessmtpcredentialshandlerServiceRoleDefaultPolicyF17BC1DC",
        "Roles": Array [
          Object {
            "Ref": "CredentialsProvidersessmtpcredentialshandlerServiceRole3F9FFCAF",
          },
        ],
      },
      "Type": "AWS::IAM::Policy",
    },
    "CredentialsProvidersessmtpcredentialsproviderframeworkonEvent6D77DEA6": Object {
      "DependsOn": Array [
        "CredentialsProvidersessmtpcredentialsproviderframeworkonEventServiceRoleDefaultPolicy46248C63",
        "CredentialsProvidersessmtpcredentialsproviderframeworkonEventServiceRoleF5CC82FB",
      ],
      "Properties": Object {
        "Code": Object {
          "S3Bucket": Object {
            "Fn::Sub": "cdk-hnb659fds-assets-\${AWS::AccountId}-\${AWS::Region}",
          },
          "S3Key": "598fb6cff8e638be6d00a6a4d728d795cc8f563ff24122bb1ab518c1530e24d8.zip",
        },
        "Description": "AWS CDK resource provider framework - onEvent (SesSmtpCredentialsIntegrationTest/Credentials/Provider/ses-smtp-credentials-provider)",
        "Environment": Object {
          "Variables": Object {
            "USER_ON_EVENT_FUNCTION_ARN": Object {
              "Fn::GetAtt": Array [
                "CredentialsProvidersessmtpcredentialshandler91EF5545",
                "Arn",
              ],
            },
          },
        },
        "Handler": "framework.onEvent",
        "Role": Object {
          "Fn::GetAtt": Array [
            "CredentialsProvidersessmtpcredentialsproviderframeworkonEventServiceRoleF5CC82FB",
            "Arn",
          ],
        },
        "Runtime": "nodejs12.x",
        "Timeout": 900,
      },
      "Type": "AWS::Lambda::Function",
    },
    "CredentialsProvidersessmtpcredentialsproviderframeworkonEventLogRetentionBE5C2DAE": Object {
      "Properties": Object {
        "LogGroupName": Object {
          "Fn::Join": Array [
            "",
            Array [
              "/aws/lambda/",
              Object {
                "Ref": "CredentialsProvidersessmtpcredentialsproviderframeworkonEvent6D77DEA6",
              },
            ],
          ],
        },
        "RetentionInDays": 1,
        "ServiceToken": Object {
          "Fn::GetAtt": Array [
            "LogRetentionaae0aa3c5b4d4f87b02d85b201efdd8aFD4BFC8A",
            "Arn",
          ],
        },
      },
      "Type": "Custom::LogRetention",
    },
    "CredentialsProvidersessmtpcredentialsproviderframeworkonEventServiceRoleDefaultPolicy46248C63": Object {
      "Properties": Object {
        "PolicyDocument": Object {
          "Statement": Array [
            Object {
              "Action": "lambda:InvokeFunction",
              "Effect": "Allow",
              "Resource": Object {
                "Fn::GetAtt": Array [
                  "CredentialsProvidersessmtpcredentialshandler91EF5545",
                  "Arn",
                ],
              },
            },
          ],
          "Version": "2012-10-17",
        },
        "PolicyName": "CredentialsProvidersessmtpcredentialsproviderframeworkonEventServiceRoleDefaultPolicy46248C63",
        "Roles": Array [
          Object {
            "Ref": "CredentialsProvidersessmtpcredentialsproviderframeworkonEventServiceRoleF5CC82FB",
          },
        ],
      },
      "Type": "AWS::IAM::Policy",
    },
    "CredentialsProvidersessmtpcredentialsproviderframeworkonEventServiceRoleF5CC82FB": Object {
      "Properties": Object {
        "AssumeRolePolicyDocument": Object {
          "Statement": Array [
            Object {
              "Action": "sts:AssumeRole",
              "Effect": "Allow",
              "Principal": Object {
                "Service": "lambda.amazonaws.com",
              },
            },
          ],
          "Version": "2012-10-17",
        },
        "ManagedPolicyArns": Array [
          Object {
            "Fn::Join": Array [
              "",
              Array [
                "arn:",
                Object {
                  "Ref": "AWS::Partition",
                },
                ":iam::aws:policy/service-role/AWSLambdaBasicExecutionRole",
              ],
            ],
          },
        ],
      },
      "Type": "AWS::IAM::Role",
    },
    "CredentialsSecret40F8BB41": Object {
      "DeletionPolicy": "Delete",
      "Properties": Object {
        "Description": Object {
          "Fn::Join": Array [
            "",
            Array [
              "SES Smtp credentials (username, password) for ",
              Object {
                "Ref": "User00B015A1",
              },
            ],
          ],
        },
        "GenerateSecretString": Object {},
      },
      "Type": "AWS::SecretsManager::Secret",
      "UpdateReplacePolicy": "Delete",
    },
    "LogRetentionaae0aa3c5b4d4f87b02d85b201efdd8aFD4BFC8A": Object {
      "DependsOn": Array [
        "LogRetentionaae0aa3c5b4d4f87b02d85b201efdd8aServiceRoleDefaultPolicyADDA7DEB",
        "LogRetentionaae0aa3c5b4d4f87b02d85b201efdd8aServiceRole9741ECFB",
      ],
      "Properties": Object {
        "Code": Object {
          "S3Bucket": Object {
            "Fn::Sub": "cdk-hnb659fds-assets-\${AWS::AccountId}-\${AWS::Region}",
          },
          "S3Key": "6c0316fef24d0df8a9a705c77052001217d864f49af386539d01df54618cd131.zip",
        },
        "Handler": "index.handler",
        "Role": Object {
          "Fn::GetAtt": Array [
            "LogRetentionaae0aa3c5b4d4f87b02d85b201efdd8aServiceRole9741ECFB",
            "Arn",
          ],
        },
        "Runtime": "nodejs14.x",
      },
      "Type": "AWS::Lambda::Function",
    },
    "LogRetentionaae0aa3c5b4d4f87b02d85b201efdd8aServiceRole9741ECFB": Object {
      "Properties": Object {
        "AssumeRolePolicyDocument": Object {
          "Statement": Array [
            Object {
              "Action": "sts:AssumeRole",
              "Effect": "Allow",
              "Principal": Object {
                "Service": "lambda.amazonaws.com",
              },
            },
          ],
          "Version": "2012-10-17",
        },
        "ManagedPolicyArns": Array [
          Object {
            "Fn::Join": Array [
              "",
              Array [
                "arn:",
                Object {
                  "Ref": "AWS::Partition",
                },
                ":iam::aws:policy/service-role/AWSLambdaBasicExecutionRole",
              ],
            ],
          },
        ],
      },
      "Type": "AWS::IAM::Role",
    },
    "LogRetentionaae0aa3c5b4d4f87b02d85b201efdd8aServiceRoleDefaultPolicyADDA7DEB": Object {
      "Properties": Object {
        "PolicyDocument": Object {
          "Statement": Array [
            Object {
              "Action": Array [
                "logs:PutRetentionPolicy",
                "logs:DeleteRetentionPolicy",
              ],
              "Effect": "Allow",
              "Resource": "*",
            },
          ],
          "Version": "2012-10-17",
        },
        "PolicyName": "LogRetentionaae0aa3c5b4d4f87b02d85b201efdd8aServiceRoleDefaultPolicyADDA7DEB",
        "Roles": Array [
          Object {
            "Ref": "LogRetentionaae0aa3c5b4d4f87b02d85b201efdd8aServiceRole9741ECFB",
          },
        ],
      },
      "Type": "AWS::IAM::Policy",
    },
    "User00B015A1": Object {
      "Properties": Object {
        "UserName": "SesTestUser",
      },
      "Type": "AWS::IAM::User",
    },
  },
  "Rules": Object {
    "CheckBootstrapVersion": Object {
      "Assertions": Array [
        Object {
          "Assert": Object {
            "Fn::Not": Array [
              Object {
                "Fn::Contains": Array [
                  Array [
                    "1",
                    "2",
                    "3",
                    "4",
                    "5",
                  ],
                  Object {
                    "Ref": "BootstrapVersion",
                  },
                ],
              },
            ],
          },
          "AssertDescription": "CDK bootstrap stack version 6 required. Please run 'cdk bootstrap' with a recent version of the CDK CLI.",
        },
      ],
    },
  },
}
`;
