// Jest Snapshot v1, https://goo.gl/fbAQLP

exports[`CredentialsProvider Should match snapshot 1`] = `
Object {
  "Parameters": Object {
    "BootstrapVersion": Object {
      "Default": "/cdk-bootstrap/hnb659fds/version",
      "Description": "Version of the CDK Bootstrap resources in this environment, automatically retrieved from SSM Parameter Store. [cdk:skip]",
      "Type": "AWS::SSM::Parameter::Value<String>",
    },
  },
  "Resources": Object {
    "LogRetentionaae0aa3c5b4d4f87b02d85b201efdd8aFD4BFC8A": Object {
      "DependsOn": Array [
        "LogRetentionaae0aa3c5b4d4f87b02d85b201efdd8aServiceRoleDefaultPolicyADDA7DEB",
        "LogRetentionaae0aa3c5b4d4f87b02d85b201efdd8aServiceRole9741ECFB",
      ],
      "Properties": Object {
        "Code": Object {
          "S3Bucket": Object {
            "Fn::Sub": "cdk-hnb659fds-assets-\${AWS::AccountId}-\${AWS::Region}",
          },
          "S3Key": "eb5b005c858404ea0c8f68098ed5dcdf5340e02461f149751d10f59c210d5ef8.zip",
        },
        "Handler": "index.handler",
        "Role": Object {
          "Fn::GetAtt": Array [
            "LogRetentionaae0aa3c5b4d4f87b02d85b201efdd8aServiceRole9741ECFB",
            "Arn",
          ],
        },
        "Runtime": "nodejs14.x",
      },
      "Type": "AWS::Lambda::Function",
    },
    "LogRetentionaae0aa3c5b4d4f87b02d85b201efdd8aServiceRole9741ECFB": Object {
      "Properties": Object {
        "AssumeRolePolicyDocument": Object {
          "Statement": Array [
            Object {
              "Action": "sts:AssumeRole",
              "Effect": "Allow",
              "Principal": Object {
                "Service": "lambda.amazonaws.com",
              },
            },
          ],
          "Version": "2012-10-17",
        },
        "ManagedPolicyArns": Array [
          Object {
            "Fn::Join": Array [
              "",
              Array [
                "arn:",
                Object {
                  "Ref": "AWS::Partition",
                },
                ":iam::aws:policy/service-role/AWSLambdaBasicExecutionRole",
              ],
            ],
          },
        ],
      },
      "Type": "AWS::IAM::Role",
    },
    "LogRetentionaae0aa3c5b4d4f87b02d85b201efdd8aServiceRoleDefaultPolicyADDA7DEB": Object {
      "Properties": Object {
        "PolicyDocument": Object {
          "Statement": Array [
            Object {
              "Action": Array [
                "logs:PutRetentionPolicy",
                "logs:DeleteRetentionPolicy",
              ],
              "Effect": "Allow",
              "Resource": "*",
            },
          ],
          "Version": "2012-10-17",
        },
        "PolicyName": "LogRetentionaae0aa3c5b4d4f87b02d85b201efdd8aServiceRoleDefaultPolicyADDA7DEB",
        "Roles": Array [
          Object {
            "Ref": "LogRetentionaae0aa3c5b4d4f87b02d85b201efdd8aServiceRole9741ECFB",
          },
        ],
      },
      "Type": "AWS::IAM::Policy",
    },
    "SecretA720EF05": Object {
      "DeletionPolicy": "Delete",
      "Properties": Object {
        "GenerateSecretString": Object {},
      },
      "Type": "AWS::SecretsManager::Secret",
      "UpdateReplacePolicy": "Delete",
    },
    "User00B015A1": Object {
      "Type": "AWS::IAM::User",
    },
    "cdksessmtpcredentialsCredentialsProvidersessmtpcredentialshandler320CA55D": Object {
      "DependsOn": Array [
        "cdksessmtpcredentialsCredentialsProvidersessmtpcredentialshandlerServiceRoleDefaultPolicyA3895E80",
        "cdksessmtpcredentialsCredentialsProvidersessmtpcredentialshandlerServiceRole18BEBF78",
      ],
      "Properties": Object {
        "Code": Object {
          "S3Bucket": Object {
            "Fn::Sub": "cdk-hnb659fds-assets-\${AWS::AccountId}-\${AWS::Region}",
          },
          "S3Key": "65d9b2f6dcfb31eaa14056870b4a344714046b26c85190a91cf14ae781a3f77a.zip",
        },
        "Description": "src/provider/credentials-handler.lambda.ts",
        "Environment": Object {
          "Variables": Object {
            "AWS_NODEJS_CONNECTION_REUSE_ENABLED": "1",
          },
        },
        "Handler": "index.handler",
        "Role": Object {
          "Fn::GetAtt": Array [
            "cdksessmtpcredentialsCredentialsProvidersessmtpcredentialshandlerServiceRole18BEBF78",
            "Arn",
          ],
        },
        "Runtime": "nodejs18.x",
        "Timeout": 60,
      },
      "Type": "AWS::Lambda::Function",
    },
    "cdksessmtpcredentialsCredentialsProvidersessmtpcredentialshandlerLogRetention5C8B4A91": Object {
      "Properties": Object {
        "LogGroupName": Object {
          "Fn::Join": Array [
            "",
            Array [
              "/aws/lambda/",
              Object {
                "Ref": "cdksessmtpcredentialsCredentialsProvidersessmtpcredentialshandler320CA55D",
              },
            ],
          ],
        },
        "RetentionInDays": 30,
        "ServiceToken": Object {
          "Fn::GetAtt": Array [
            "LogRetentionaae0aa3c5b4d4f87b02d85b201efdd8aFD4BFC8A",
            "Arn",
          ],
        },
      },
      "Type": "Custom::LogRetention",
    },
    "cdksessmtpcredentialsCredentialsProvidersessmtpcredentialshandlerServiceRole18BEBF78": Object {
      "Properties": Object {
        "AssumeRolePolicyDocument": Object {
          "Statement": Array [
            Object {
              "Action": "sts:AssumeRole",
              "Effect": "Allow",
              "Principal": Object {
                "Service": "lambda.amazonaws.com",
              },
            },
          ],
          "Version": "2012-10-17",
        },
        "ManagedPolicyArns": Array [
          Object {
            "Fn::Join": Array [
              "",
              Array [
                "arn:",
                Object {
                  "Ref": "AWS::Partition",
                },
                ":iam::aws:policy/service-role/AWSLambdaBasicExecutionRole",
              ],
            ],
          },
        ],
      },
      "Type": "AWS::IAM::Role",
    },
    "cdksessmtpcredentialsCredentialsProvidersessmtpcredentialshandlerServiceRoleDefaultPolicyA3895E80": Object {
      "Properties": Object {
        "PolicyDocument": Object {
          "Statement": Array [
            Object {
              "Action": Array [
                "iam:CreateAccessKey",
                "iam:DeleteAccessKey",
              ],
              "Effect": "Allow",
              "Resource": Array [
                Object {
                  "Fn::GetAtt": Array [
                    "User00B015A1",
                    "Arn",
                  ],
                },
              ],
            },
            Object {
              "Action": "secretsmanager:PutSecretValue",
              "Effect": "Allow",
              "Resource": Array [
                Object {
                  "Ref": "SecretA720EF05",
                },
              ],
            },
          ],
          "Version": "2012-10-17",
        },
        "PolicyName": "cdksessmtpcredentialsCredentialsProvidersessmtpcredentialshandlerServiceRoleDefaultPolicyA3895E80",
        "Roles": Array [
          Object {
            "Ref": "cdksessmtpcredentialsCredentialsProvidersessmtpcredentialshandlerServiceRole18BEBF78",
          },
        ],
      },
      "Type": "AWS::IAM::Policy",
    },
    "cdksessmtpcredentialsCredentialsProvidersessmtpcredentialsproviderframeworkonEvent1376F76C": Object {
      "DependsOn": Array [
        "cdksessmtpcredentialsCredentialsProvidersessmtpcredentialsproviderframeworkonEventServiceRoleDefaultPolicyB231CF26",
        "cdksessmtpcredentialsCredentialsProvidersessmtpcredentialsproviderframeworkonEventServiceRoleFE45B538",
      ],
      "Properties": Object {
        "Code": Object {
          "S3Bucket": Object {
            "Fn::Sub": "cdk-hnb659fds-assets-\${AWS::AccountId}-\${AWS::Region}",
          },
          "S3Key": "e7c95e1a12d903d913ebdd526c735f1ac58b2024882a5562110221fe685ebe85.zip",
        },
        "Description": "AWS CDK resource provider framework - onEvent (Default/cdk-ses-smtp-credentials.CredentialsProvider/ses-smtp-credentials-provider)",
        "Environment": Object {
          "Variables": Object {
            "USER_ON_EVENT_FUNCTION_ARN": Object {
              "Fn::GetAtt": Array [
                "cdksessmtpcredentialsCredentialsProvidersessmtpcredentialshandler320CA55D",
                "Arn",
              ],
            },
          },
        },
        "Handler": "framework.onEvent",
        "Role": Object {
          "Fn::GetAtt": Array [
            "cdksessmtpcredentialsCredentialsProvidersessmtpcredentialsproviderframeworkonEventServiceRoleFE45B538",
            "Arn",
          ],
        },
        "Runtime": "nodejs14.x",
        "Timeout": 900,
      },
      "Type": "AWS::Lambda::Function",
    },
    "cdksessmtpcredentialsCredentialsProvidersessmtpcredentialsproviderframeworkonEventLogRetentionCD61E4D7": Object {
      "Properties": Object {
        "LogGroupName": Object {
          "Fn::Join": Array [
            "",
            Array [
              "/aws/lambda/",
              Object {
                "Ref": "cdksessmtpcredentialsCredentialsProvidersessmtpcredentialsproviderframeworkonEvent1376F76C",
              },
            ],
          ],
        },
        "RetentionInDays": 1,
        "ServiceToken": Object {
          "Fn::GetAtt": Array [
            "LogRetentionaae0aa3c5b4d4f87b02d85b201efdd8aFD4BFC8A",
            "Arn",
          ],
        },
      },
      "Type": "Custom::LogRetention",
    },
    "cdksessmtpcredentialsCredentialsProvidersessmtpcredentialsproviderframeworkonEventServiceRoleDefaultPolicyB231CF26": Object {
      "Properties": Object {
        "PolicyDocument": Object {
          "Statement": Array [
            Object {
              "Action": "lambda:InvokeFunction",
              "Effect": "Allow",
              "Resource": Array [
                Object {
                  "Fn::GetAtt": Array [
                    "cdksessmtpcredentialsCredentialsProvidersessmtpcredentialshandler320CA55D",
                    "Arn",
                  ],
                },
                Object {
                  "Fn::Join": Array [
                    "",
                    Array [
                      Object {
                        "Fn::GetAtt": Array [
                          "cdksessmtpcredentialsCredentialsProvidersessmtpcredentialshandler320CA55D",
                          "Arn",
                        ],
                      },
                      ":*",
                    ],
                  ],
                },
              ],
            },
          ],
          "Version": "2012-10-17",
        },
        "PolicyName": "cdksessmtpcredentialsCredentialsProvidersessmtpcredentialsproviderframeworkonEventServiceRoleDefaultPolicyB231CF26",
        "Roles": Array [
          Object {
            "Ref": "cdksessmtpcredentialsCredentialsProvidersessmtpcredentialsproviderframeworkonEventServiceRoleFE45B538",
          },
        ],
      },
      "Type": "AWS::IAM::Policy",
    },
    "cdksessmtpcredentialsCredentialsProvidersessmtpcredentialsproviderframeworkonEventServiceRoleFE45B538": Object {
      "Properties": Object {
        "AssumeRolePolicyDocument": Object {
          "Statement": Array [
            Object {
              "Action": "sts:AssumeRole",
              "Effect": "Allow",
              "Principal": Object {
                "Service": "lambda.amazonaws.com",
              },
            },
          ],
          "Version": "2012-10-17",
        },
        "ManagedPolicyArns": Array [
          Object {
            "Fn::Join": Array [
              "",
              Array [
                "arn:",
                Object {
                  "Ref": "AWS::Partition",
                },
                ":iam::aws:policy/service-role/AWSLambdaBasicExecutionRole",
              ],
            ],
          },
        ],
      },
      "Type": "AWS::IAM::Role",
    },
  },
  "Rules": Object {
    "CheckBootstrapVersion": Object {
      "Assertions": Array [
        Object {
          "Assert": Object {
            "Fn::Not": Array [
              Object {
                "Fn::Contains": Array [
                  Array [
                    "1",
                    "2",
                    "3",
                    "4",
                    "5",
                  ],
                  Object {
                    "Ref": "BootstrapVersion",
                  },
                ],
              },
            ],
          },
          "AssertDescription": "CDK bootstrap stack version 6 required. Please run 'cdk bootstrap' with a recent version of the CDK CLI.",
        },
      ],
    },
  },
}
`;
